// Jest Snapshot v1, https://goo.gl/fbAQLP

exports[`TopTodo component matches snapshot 1`] = `
<div>
  <div>
    <div
      class="Todo"
    >
      <div>
        <b>
          Code!
        </b>
         
        <small>
          (priority: 
          2
          )
        </small>
      </div>
      <div>
        <small>
          Write some code
        </small>
      </div>
    </div>
  </div>
</div>
`;
